4.770021915435791